Reading netlist file: "C:\Users\EVA\Desktop\FPGA-Synthesizable-8Bit-CPU\fpga\gowin\FPGA-Synthesizable-8Bit-CPU\impl\gwsynthesis\FPGA-Synthesizable-8Bit-CPU.vg"
Parsing netlist file "C:\Users\EVA\Desktop\FPGA-Synthesizable-8Bit-CPU\fpga\gowin\FPGA-Synthesizable-8Bit-CPU\impl\gwsynthesis\FPGA-Synthesizable-8Bit-CPU.vg" completed
Processing netlist completed
Reading constraint file: "C:\Users\EVA\Desktop\FPGA-Synthesizable-8Bit-CPU\fpga\gowin\FPGA-Synthesizable-8Bit-CPU\src\tang_nano_20k.cst"
Physical Constraint parsed completed
Running placement......
[10%] Placement Phase 0 completed
[20%] Placement Phase 1 completed
[30%] Placement Phase 2 completed
WARN  (TA1132) :  'clk_27mhz' was determined to be a clock but was not created.
[50%] Placement Phase 3 completed
Running routing......
[60%] Routing Phase 0 completed
[70%] Routing Phase 1 completed
[80%] Routing Phase 2 completed
WARN  (PR1014) : Generic routing resource will be used to clock signal 'clk_27mhz_d' by the specified constraint. And then it may lead to the excessive delay or skew
[90%] Routing Phase 3 completed
Running timing analysis......
[95%] Timing analysis completed
Placement and routing completed
Bitstream generation in progress......
Bitstream generation completed
Running power analysis......
[100%] Power analysis completed
Generate file "C:\Users\EVA\Desktop\FPGA-Synthesizable-8Bit-CPU\fpga\gowin\FPGA-Synthesizable-8Bit-CPU\impl\pnr\FPGA-Synthesizable-8Bit-CPU.power.html" completed
Generate file "C:\Users\EVA\Desktop\FPGA-Synthesizable-8Bit-CPU\fpga\gowin\FPGA-Synthesizable-8Bit-CPU\impl\pnr\FPGA-Synthesizable-8Bit-CPU.pin.html" completed
Generate file "C:\Users\EVA\Desktop\FPGA-Synthesizable-8Bit-CPU\fpga\gowin\FPGA-Synthesizable-8Bit-CPU\impl\pnr\FPGA-Synthesizable-8Bit-CPU.rpt.html" completed
Generate file "C:\Users\EVA\Desktop\FPGA-Synthesizable-8Bit-CPU\fpga\gowin\FPGA-Synthesizable-8Bit-CPU\impl\pnr\FPGA-Synthesizable-8Bit-CPU.rpt.txt" completed
Generate file "C:\Users\EVA\Desktop\FPGA-Synthesizable-8Bit-CPU\fpga\gowin\FPGA-Synthesizable-8Bit-CPU\impl\pnr\FPGA-Synthesizable-8Bit-CPU.tr.html" completed
Fri Sep 25 01:31:15 2026

